                    ОТЧЕТ КОНФИГУРАЦИИ ЗАЩИТЫ

Дата: 12.05.2015
Время: 14:17:04
На базе пользователя: ОТКЛЮЧЕН
Использовать глобальные пути защиты: ОТКЛЮЧЕН

Имена защищенных зон
Зона: 1,ОПЕРАТОРЫ
Зона: 2,ИНЖЕНЕРЫ
Зона: 3,АДМИНИСТРАТОРЫ
Зона: 4,D
Зона: 5,E
Зона: 6,F
Зона: 7,G
Зона: 8,H
Зона: 9,I
Зона: 10,J
Зона: 11,K
Зона: 12,L
Зона: 13,M
Зона: 14,N
Зона: 15,O
Зона: 16,P
Зона: 17
Зона: 18
Зона: 19
Зона: 20
Зона: 21
Зона: 22
Зона: 23
Зона: 24
Зона: 25
Зона: 26
Зона: 27
Зона: 28
Зона: 29
Зона: 30
Зона: 31
Зона: 32
Зона: 33
Зона: 34
Зона: 35
Зона: 36
Зона: 37
Зона: 38
Зона: 39
Зона: 40
Зона: 41
Зона: 42
Зона: 43
Зона: 44
Зона: 45
Зона: 46
Зона: 47
Зона: 48
Зона: 49
Зона: 50
Зона: 51
Зона: 52
Зона: 53
Зона: 54
Зона: 55
Зона: 56
Зона: 57
Зона: 58
Зона: 59
Зона: 60
Зона: 61
Зона: 62
Зона: 63
Зона: 64
Зона: 65
Зона: 66
Зона: 67
Зона: 68
Зона: 69
Зона: 70
Зона: 71
Зона: 72
Зона: 73
Зона: 74
Зона: 75
Зона: 76
Зона: 77
Зона: 78
Зона: 79
Зона: 80
Зона: 81
Зона: 82
Зона: 83
Зона: 84
Зона: 85
Зона: 86
Зона: 87
Зона: 88
Зона: 89
Зона: 90
Зона: 91
Зона: 92
Зона: 93
Зона: 94
Зона: 95
Зона: 96
Зона: 97
Зона: 98
Зона: 99
Зона: 100
Зона: 101
Зона: 102
Зона: 103
Зона: 104
Зона: 105
Зона: 106
Зона: 107
Зона: 108
Зона: 109
Зона: 110
Зона: 111
Зона: 112
Зона: 113
Зона: 114
Зона: 115
Зона: 116
Зона: 117
Зона: 118
Зона: 119
Зона: 120
Зона: 121
Зона: 122
Зона: 123
Зона: 124
Зона: 125
Зона: 126
Зона: 127
Зона: 128
Зона: 129
Зона: 130
Зона: 131
Зона: 132
Зона: 133
Зона: 134
Зона: 135
Зона: 136
Зона: 137
Зона: 138
Зона: 139
Зона: 140
Зона: 141
Зона: 142
Зона: 143
Зона: 144
Зона: 145
Зона: 146
Зона: 147
Зона: 148
Зона: 149
Зона: 150
Зона: 151
Зона: 152
Зона: 153
Зона: 154
Зона: 155
Зона: 156
Зона: 157
Зона: 158
Зона: 159
Зона: 160
Зона: 161
Зона: 162
Зона: 163
Зона: 164
Зона: 165
Зона: 166
Зона: 167
Зона: 168
Зона: 169
Зона: 170
Зона: 171
Зона: 172
Зона: 173
Зона: 174
Зона: 175
Зона: 176
Зона: 177
Зона: 178
Зона: 179
Зона: 180
Зона: 181
Зона: 182
Зона: 183
Зона: 184
Зона: 185
Зона: 186
Зона: 187
Зона: 188
Зона: 189
Зона: 190
Зона: 191
Зона: 192
Зона: 193
Зона: 194
Зона: 195
Зона: 196
Зона: 197
Зона: 198
Зона: 199
Зона: 200
Зона: 201
Зона: 202
Зона: 203
Зона: 204
Зона: 205
Зона: 206
Зона: 207
Зона: 208
Зона: 209
Зона: 210
Зона: 211
Зона: 212
Зона: 213
Зона: 214
Зона: 215
Зона: 216
Зона: 217
Зона: 218
Зона: 219
Зона: 220
Зона: 221
Зона: 222
Зона: 223
Зона: 224
Зона: 225
Зона: 226
Зона: 227
Зона: 228
Зона: 229
Зона: 230
Зона: 231
Зона: 232
Зона: 233
Зона: 234
Зона: 235
Зона: 236
Зона: 237
Зона: 238
Зона: 239
Зона: 240
Зона: 241
Зона: 242
Зона: 243
Зона: 244
Зона: 245
Зона: 246
Зона: 247
Зона: 248
Зона: 249
Зона: 250
Зона: 251
Зона: 252
Зона: 253
Зона: 254

Группа: OPERATORS
Функция: WorkSpace Runtime
Функция: Fix32 - Alarm Summary Display
Функция: Fix32 - Historical Trend Display

Группа: SUPERVISORS
Зона: ОПЕРАТОРЫ
Зона: ИНЖЕНЕРЫ
Функция: WorkSpace Runtime
Функция: WorkSpace Configure
Функция: Background Task Exit
Функция: Fix32 - Operating System Window
Функция: Historical Trend Assign
Функция: iFIX - System Shutdown
Функция: Fix32 - Alarm Summary Display
Функция: Fix32 - Historical Trend Display
Функция: Fix32 - Run a Task from View
Функция: System User Login
Функция: 

Пользователь: SYSTEM ADMINISTRATOR
Имя-входа: ADMIN
NT Защита: НЕТ
НЕТ
Таймаут: 00:00:00
Зона: ОПЕРАТОРЫ
Зона: ИНЖЕНЕРЫ
Зона: АДМИНИСТРАТОРЫ
Зона: D
Зона: E
Зона: F
Зона: G
Зона: H
Зона: I
Зона: J
Зона: K
Зона: L
Зона: M
Зона: N
Зона: O
Зона: P
Зона: 
Зона: 
Зона: 
Зона: 
Зона: 
Зона: 
Зона: 
Зона: 
Зона: 
Зона: 
Зона: 
Зона: 
Зона: 
Зона: 
Зона: 
Зона: 
Зона: 
Зона: 
Зона: 
Зона: 
Зона: 
Зона: 
Зона: 
Зона: 
Зона: 
Зона: 
Зона: 
Зона: 
Зона: 
Зона: 
Зона: 
Зона: 
Зона: 
Зона: 
Зона: 
Зона: 
Зона: 
Зона: 
Зона: 
Зона: 
Зона: 
Зона: 
Зона: 
Зона: 
Зона: 
Зона: 
Зона: 
Зона: 
Зона: 
Зона: 
Зона: 
Зона: 
Зона: 
Зона: 
Зона: 
Зона: 
Зона: 
Зона: 
Зона: 
Зона: 
Зона: 
Зона: 
Зона: 
Зона: 
Зона: 
Зона: 
Зона: 
Зона: 
Зона: 
Зона: 
Зона: 
Зона: 
Зона: 
Зона: 
Зона: 
Зона: 
Зона: 
Зона: 
Зона: 
Зона: 
Зона: 
Зона: 
Зона: 
Зона: 
Зона: 
Зона: 
Зона: 
Зона: 
Зона: 
Зона: 
Зона: 
Зона: 
Зона: 
Зона: 
Зона: 
Зона: 
Зона: 
Зона: 
Зона: 
Зона: 
Зона: 
Зона: 
Зона: 
Зона: 
Зона: 
Зона: 
Зона: 
Зона: 
Зона: 
Зона: 
Зона: 
Зона: 
Зона: 
Зона: 
Зона: 
Зона: 
Зона: 
Зона: 
Зона: 
Зона: 
Зона: 
Зона: 
Зона: 
Зона: 
Зона: 
Зона: 
Зона: 
Зона: 
Зона: 
Зона: 
Зона: 
Зона: 
Зона: 
Зона: 
Зона: 
Зона: 
Зона: 
Зона: 
Зона: 
Зона: 
Зона: 
Зона: 
Зона: 
Зона: 
Зона: 
Зона: 
Зона: 
Зона: 
Зона: 
Зона: 
Зона: 
Зона: 
Зона: 
Зона: 
Зона: 
Зона: 
Зона: 
Зона: 
Зона: 
Зона: 
Зона: 
Зона: 
Зона: 
Зона: 
Зона: 
Зона: 
Зона: 
Зона: 
Зона: 
Зона: 
Зона: 
Зона: 
Зона: 
Зона: 
Зона: 
Зона: 
Зона: 
Зона: 
Зона: 
Зона: 
Зона: 
Зона: 
Зона: 
Зона: 
Зона: 
Зона: 
Зона: 
Зона: 
Зона: 
Зона: 
Зона: 
Зона: 
Зона: 
Зона: 
Зона: 
Зона: 
Зона: 
Зона: 
Зона: 
Зона: 
Зона: 
Зона: 
Зона: 
Зона: 
Зона: 
Зона: 
Зона: 
Зона: 
Зона: 
Зона: 
Зона: 
Зона: 
Зона: 
Зона: 
Зона: 
Зона: 
Зона: 
Зона: 
Зона: 
Зона: 
Зона: 
Зона: 
Зона: 
Зона: 
Зона: 
Зона: 
Зона: 
Зона: 
Зона: 
Зона: 
Зона: 
Зона: 
Зона: 
Зона: 
Зона: 
Зона: 
Зона: 
Функция: Database Manager
Функция: WorkSpace Runtime
Функция: WorkSpace Configure
Функция: Fix32 - Report Creator
Функция: Background Task Exit
Функция: Fix32 - Key Macro Editor
Функция: Fix32 - Operating System Window
Функция: Historical Trend Assign
Функция: Security Synchronizer
Функция: System Configuration
Функция: Security Configuration
Функция: Manual Failover
Функция: Project Backup-Restore
Функция: Runtime Visual Basic Editor Access
Функция: VisiconX Writes
Функция: iFIX - System Shutdown
Функция: Fix32 - Alarm Summary Display
Функция: Fix32 - Historical Trend Display
Функция: Tag Group Editor
Функция: Fix32 - Run a Task from View
Функция: System User Login
Функция: Recipe Load
Функция: Recipe Save
Функция: Fix32 - Report Generator
Функция: Historical Trend Collection
Функция: Fix32 - Historical Display Configuration
Функция: WorkSpace Runtime Exit
Функция: Database Reload
Функция: Database Save
Функция: Database Block Add-Delete
Функция: System User Logout
Функция: Recipe Builder Operations Window
Функция: Recipe Builder Development Window
Функция: Recipe Save from Recipe Builder
Функция: Recipe Download from Recipe Builder
Функция: Recipe Upload from Recipe Builder
Функция: Recipe Text Output from Recipe Builder
Функция: Enable Task Switching
Функция: Enable Ctrl-Alt-Del
Функция: Fix32 - Historical Trend Display View Only
Функция: GE Intelligent Platforms OEM Reserved 1
Функция: GE Intelligent Platforms OEM Reserved 2
Функция: GE Intelligent Platforms OEM Reserved 3
Функция: GE Intelligent Platforms OEM Reserved 4
Функция: GE Intelligent Platforms OEM Reserved 5
Функция: GE Intelligent Platforms OEM Reserved 6
Функция: GE Intelligent Platforms OEM Reserved 7
Функция: GE Intelligent Platforms OEM Reserved 8
Функция: GE Intelligent Platforms OEM Reserved 9
Функция: GE Intelligent Platforms OEM Reserved 10
Функция: GE Intelligent Platforms OEM Reserved 11
Функция: GE Intelligent Platforms OEM Reserved 12
Функция: Historical Trend Export
Функция: Electronic Signature - Perform By
Функция: Electronic Signature - Verify By
Функция: Application Validator - Run-time Access
Функция: Application Validator - Creation of Baselines
Функция: Startup Profile Manager
Функция: Change Management
Функция: Tag Status
Функция: Data Provider Service
Функция: Batch Execution - Launch Campaign
Функция: Batch Execution - Shutdown Campaign
Функция: Batch Execution - Configure Campaign
Функция: Batch Execution - Start Campaign
Функция: Batch Execution - Pause Campaign
Функция: Batch Execution - Restart Campaign
Функция: Batch Execution - Remove Campaign
Функция: Batch Execution - Add Campaign
Функция: Batch Execution - Modify Campaign
Функция: Batch Execution - Duplicate Campaign
Функция: Batch Execution - View Campaign
Функция: Batch Execution - Configuration
Функция: Batch Execution - Server Startup
Функция: Batch Execution - Server Shutdown
Функция: Batch Execution - Recipe Editor Startup
Функция: Batch Execution - Save Recipes
Функция: Batch Execution - Create Recipes
Функция: Batch Execution - Remove Recipes
Функция: Batch Execution - Release Recipes to Production
Функция: Batch Execution - Rebuild Recipe Directory
Функция: Batch Execution - Equipment Editor Startup
Функция: Batch Execution - Save Equipment Configuration
Функция: Batch Execution - Create Equipment Configuration
Функция: Batch Execution - Client Startup
Функция: Batch Execution - Client Shutdown
Функция: Batch Execution - Configure the Client
Функция: Batch Execution - Start Batch
Функция: Batch Execution - Stop Batch
Функция: Batch Execution - Hold Batch
Функция: Batch Execution - Restart Batch
Функция: Batch Execution - Abort Batch
Функция: Batch Execution - Add Batch
Функция: Batch Execution - Remove Batch
Функция: Batch Execution - Change to Auto-Manual Mode
Функция: Batch Execution - Allow Phase Control
Функция: Batch Execution - Go to HMI
Функция: Batch Execution - Clear All Failures
Функция: Batch Execution - Archiver Startup
Функция: Batch Execution - Simulator Startup
Функция: Batch Execution - Allow Help from Client
Функция: Batch Execution - Allow Demo Mode
Функция: Batch Execution - Proficy iFIX Workspace Startup
Функция: Batch Execution - Save from iFIX Workspace
Функция: Batch Execution - Misc Item Deletion from iFIX Workspace
Функция: Batch Execution - Create New Project in iFIX Workspace
Функция: Batch Execution - Archiver Startup From Mgr
Функция: Batch Execution - Archiver Shutdown From Mgr
Функция: Batch Execution - Rebind Unit Procedure
Функция: Batch Execution - Acknowledge Prompts
Функция: Batch Execution - Allow Arbitration View
Функция: Batch Execution - Acquire and Release Resources
Функция: Batch Execution - Acquire Phase for Manual Control
Функция: Batch Execution - Start SoftPhase Server
Функция: Batch Execution - Stop SoftPhase Server
Функция: Batch Execution - Start iWorkInstruction Editor
Функция: Batch Execution - Save Formulation
Функция: Batch Execution - Remove Formulation
Функция: Batch Execution - Change Formulation Status
Функция: EDA Feature  1
Функция: EDA Feature  2
Функция: EDA Feature  3
Функция: EDA Feature  4
Функция: EDA Feature  5
Функция: EDA Feature  6
Функция: EDA Feature  7
Функция: EDA Feature  8
Функция: EDA Feature  9
Функция: EDA Feature 10
Функция: EDA Feature 11
Функция: EDA Feature 12
Функция: EDA Feature 13
Функция: EDA Feature 14
Функция: EDA Feature 15
Функция: EDA Feature 16
Функция: EDA Feature 17
Функция: EDA Feature 18
Функция: EDA Feature 19
Функция: EDA Feature 20
Функция: EDA Feature 21
Функция: EDA Feature 22
Функция: EDA Feature 23
Функция: EDA Feature 24
Функция: EDA Feature 25
Функция: EDA Feature 26
Функция: EDA Feature 27
Функция: EDA Feature 28
Функция: EDA Feature 29
Функция: EDA Feature 30
Функция: EDA Feature 31
Функция: EDA Feature 32
Функция: EDA Feature 33
Функция: EDA Feature 34
Функция: EDA Feature 35
Функция: EDA Feature 36
Функция: EDA Feature 37
Функция: EDA Feature 38
Функция: EDA Feature 39
Функция: EDA Feature 40
Функция: EDA Feature 41
Функция: EDA Feature 42
Функция: EDA Feature 43
Функция: EDA Feature 44
Функция: EDA Feature 45
Функция: EDA Feature 46
Функция: EDA Feature 47
Функция: EDA Feature 48
Функция: EDA Feature 49
Функция: EDA Feature 50
Функция: EDA Feature 51
Функция: EDA Feature 52
Функция: EDA Feature 53
Функция: EDA Feature 54
Функция: EDA Feature  55

Пользователь: GUEST
Имя-входа: GUEST
NT Защита: НЕТ
НЕТ
Таймаут: 00:00:00
Функция: WorkSpace Runtime

